---
source: src/config.rs
expression: "AppConfig::owned(&String::from(path.to_str().unwrap()), &ctx)"
input_file: tests/configs/wrong/93-wrong-condition.yaml
---
Err(
    unable to parse config: listeners[0].targets[1].condition: invalid config: found "/" but expected one of "[LIST OF ALLOWED JQ STATEMENTS]" at line 9 column 18,
)
